=== Tier 1: Basics ===
ILMA is amazing!
SubhanAllah
SubhanAllah
SubhanAllah
Yes, this is ILMA!
=== Tier 2: Recipes & Collections ===
5! = 120
  dates
  fig
  mango
  pomegranate
Count: 4
ILMA v2
Counter: -2
BISMILLAH AL RAHMAN AL RAHIM
Length: 28
Error caught gracefully
=== Tier 3: Blueprints ===
Tesla (2024) - 150 km
Charging Tesla (75 kWh)
Tesla (2024) - 350 km
=== All done! ===